// Jest Snapshot v1, https://goo.gl/fbAQLP

exports[`should render the Tool component 1`] = `
ShallowWrapper {
  "length": 1,
  Symbol(enzyme.__root__): [Circular],
  Symbol(enzyme.__unrendered__): <Tool
    authUser={[Function]}
    createProfile={[Function]}
    deleteTool={[Function]}
    fetchProfile={[Function]}
    fetchTool={[Function]}
    fetchTools={[Function]}
    fetchUserTools={[Function]}
    fetchUsers={[Function]}
    filterTools={[Function]}
    filterUsers={[Function]}
    profile={Object {}}
    setPhoneNumber={[Function]}
    store={
      Object {
        "@@observable": [Function],
        "dispatch": [Function],
        "getState": [Function],
        "replaceReducer": [Function],
        "subscribe": [Function],
      }
    }
    storeSubscription={
      Subscription {
        "listeners": Object {
          "clear": [Function],
          "get": [Function],
          "notify": [Function],
          "subscribe": [Function],
        },
        "onStateChange": [Function],
        "parentSub": undefined,
        "store": Object {
          "@@observable": [Function],
          "dispatch": [Function],
          "getState": [Function],
          "replaceReducer": [Function],
          "subscribe": [Function],
        },
        "unsubscribe": [Function],
      }
    }
    tool={
      Object {
        "FirstName": "Randy",
        "Price": 1,
        "ToolType": "Hammer",
      }
    }
  />,
  Symbol(enzyme.__renderer__): Object {
    "batchedUpdates": [Function],
    "getNode": [Function],
    "render": [Function],
    "simulateEvent": [Function],
    "unmount": [Function],
  },
  Symbol(enzyme.__node__): Object {
    "instance": null,
    "key": undefined,
    "nodeType": "class",
    "props": Object {
      "children": <TouchableOpacity
        activeOpacity={0.2}
        onPress={[Function]}
      >
        <Text
          accessible={true}
          allowFontScaling={true}
          ellipsizeMode="tail"
          style={
            Object {
              "color": "#F5F5F5",
              "fontSize": 25,
            }
          }
        />
        <Component
          style={
            Object {
              "flex": 1,
              "flexDirection": "row",
              "justifyContent": "space-between",
            }
          }
        >
          <Text
            accessible={true}
            allowFontScaling={true}
            ellipsizeMode="tail"
            style={
              Object {
                "color": "#F5F5F5",
                "fontSize": 15,
              }
            }
          >
            Cost: $ 1
          </Text>
          <Text
            accessible={true}
            allowFontScaling={true}
            ellipsizeMode="tail"
            style={
              Object {
                "color": "#F5F5F5",
                "fontSize": 15,
              }
            }
          >
            Type: Hammer
          </Text>
          <Text
            accessible={true}
            allowFontScaling={true}
            ellipsizeMode="tail"
            style={
              Object {
                "color": "#F5F5F5",
                "fontSize": 15,
              }
            }
          >
            Owner: Randy undefined
          </Text>
        </Component>
      </TouchableOpacity>,
      "style": Object {
        "backgroundColor": "#666666",
        "borderBottomWidth": 1,
        "borderColor": "#DDD",
        "borderRadius": 10,
        "flexDirection": "row",
        "margin": 5,
        "padding": 5,
        "position": "relative",
      },
    },
    "ref": null,
    "rendered": Object {
      "instance": null,
      "key": undefined,
      "nodeType": "class",
      "props": Object {
        "activeOpacity": 0.2,
        "children": Array [
          <Text
            accessible={true}
            allowFontScaling={true}
            ellipsizeMode="tail"
            style={
              Object {
                "color": "#F5F5F5",
                "fontSize": 25,
              }
            }
          />,
          <Component
            style={
              Object {
                "flex": 1,
                "flexDirection": "row",
                "justifyContent": "space-between",
              }
            }
          >
            <Text
              accessible={true}
              allowFontScaling={true}
              ellipsizeMode="tail"
              style={
                Object {
                  "color": "#F5F5F5",
                  "fontSize": 15,
                }
              }
            >
              Cost: $ 1
            </Text>
            <Text
              accessible={true}
              allowFontScaling={true}
              ellipsizeMode="tail"
              style={
                Object {
                  "color": "#F5F5F5",
                  "fontSize": 15,
                }
              }
            >
              Type: Hammer
            </Text>
            <Text
              accessible={true}
              allowFontScaling={true}
              ellipsizeMode="tail"
              style={
                Object {
                  "color": "#F5F5F5",
                  "fontSize": 15,
                }
              }
            >
              Owner: Randy undefined
            </Text>
          </Component>,
        ],
        "onPress": [Function],
      },
      "ref": null,
      "rendered": Array [
        Object {
          "instance": null,
          "key": undefined,
          "nodeType": "class",
          "props": Object {
            "accessible": true,
            "allowFontScaling": true,
            "children": undefined,
            "ellipsizeMode": "tail",
            "style": Object {
              "color": "#F5F5F5",
              "fontSize": 25,
            },
          },
          "ref": null,
          "rendered": null,
          "type": [Function],
        },
        Object {
          "instance": null,
          "key": undefined,
          "nodeType": "class",
          "props": Object {
            "children": Array [
              <Text
                accessible={true}
                allowFontScaling={true}
                ellipsizeMode="tail"
                style={
                  Object {
                    "color": "#F5F5F5",
                    "fontSize": 15,
                  }
                }
              >
                Cost: $ 1
              </Text>,
              <Text
                accessible={true}
                allowFontScaling={true}
                ellipsizeMode="tail"
                style={
                  Object {
                    "color": "#F5F5F5",
                    "fontSize": 15,
                  }
                }
              >
                Type: Hammer
              </Text>,
              <Text
                accessible={true}
                allowFontScaling={true}
                ellipsizeMode="tail"
                style={
                  Object {
                    "color": "#F5F5F5",
                    "fontSize": 15,
                  }
                }
              >
                Owner: Randy undefined
              </Text>,
            ],
            "style": Object {
              "flex": 1,
              "flexDirection": "row",
              "justifyContent": "space-between",
            },
          },
          "ref": null,
          "rendered": Array [
            Object {
              "instance": null,
              "key": undefined,
              "nodeType": "class",
              "props": Object {
                "accessible": true,
                "allowFontScaling": true,
                "children": "Cost: $ 1",
                "ellipsizeMode": "tail",
                "style": Object {
                  "color": "#F5F5F5",
                  "fontSize": 15,
                },
              },
              "ref": null,
              "rendered": "Cost: $ 1",
              "type": [Function],
            },
            Object {
              "instance": null,
              "key": undefined,
              "nodeType": "class",
              "props": Object {
                "accessible": true,
                "allowFontScaling": true,
                "children": "Type: Hammer",
                "ellipsizeMode": "tail",
                "style": Object {
                  "color": "#F5F5F5",
                  "fontSize": 15,
                },
              },
              "ref": null,
              "rendered": "Type: Hammer",
              "type": [Function],
            },
            Object {
              "instance": null,
              "key": undefined,
              "nodeType": "class",
              "props": Object {
                "accessible": true,
                "allowFontScaling": true,
                "children": "Owner: Randy undefined",
                "ellipsizeMode": "tail",
                "style": Object {
                  "color": "#F5F5F5",
                  "fontSize": 15,
                },
              },
              "ref": null,
              "rendered": "Owner: Randy undefined",
              "type": [Function],
            },
          ],
          "type": [Function],
        },
      ],
      "type": [Function],
    },
    "type": [Function],
  },
  Symbol(enzyme.__nodes__): Array [
    Object {
      "instance": null,
      "key": undefined,
      "nodeType": "class",
      "props": Object {
        "children": <TouchableOpacity
          activeOpacity={0.2}
          onPress={[Function]}
        >
          <Text
            accessible={true}
            allowFontScaling={true}
            ellipsizeMode="tail"
            style={
              Object {
                "color": "#F5F5F5",
                "fontSize": 25,
              }
            }
          />
          <Component
            style={
              Object {
                "flex": 1,
                "flexDirection": "row",
                "justifyContent": "space-between",
              }
            }
          >
            <Text
              accessible={true}
              allowFontScaling={true}
              ellipsizeMode="tail"
              style={
                Object {
                  "color": "#F5F5F5",
                  "fontSize": 15,
                }
              }
            >
              Cost: $ 1
            </Text>
            <Text
              accessible={true}
              allowFontScaling={true}
              ellipsizeMode="tail"
              style={
                Object {
                  "color": "#F5F5F5",
                  "fontSize": 15,
                }
              }
            >
              Type: Hammer
            </Text>
            <Text
              accessible={true}
              allowFontScaling={true}
              ellipsizeMode="tail"
              style={
                Object {
                  "color": "#F5F5F5",
                  "fontSize": 15,
                }
              }
            >
              Owner: Randy undefined
            </Text>
          </Component>
        </TouchableOpacity>,
        "style": Object {
          "backgroundColor": "#666666",
          "borderBottomWidth": 1,
          "borderColor": "#DDD",
          "borderRadius": 10,
          "flexDirection": "row",
          "margin": 5,
          "padding": 5,
          "position": "relative",
        },
      },
      "ref": null,
      "rendered": Object {
        "instance": null,
        "key": undefined,
        "nodeType": "class",
        "props": Object {
          "activeOpacity": 0.2,
          "children": Array [
            <Text
              accessible={true}
              allowFontScaling={true}
              ellipsizeMode="tail"
              style={
                Object {
                  "color": "#F5F5F5",
                  "fontSize": 25,
                }
              }
            />,
            <Component
              style={
                Object {
                  "flex": 1,
                  "flexDirection": "row",
                  "justifyContent": "space-between",
                }
              }
            >
              <Text
                accessible={true}
                allowFontScaling={true}
                ellipsizeMode="tail"
                style={
                  Object {
                    "color": "#F5F5F5",
                    "fontSize": 15,
                  }
                }
              >
                Cost: $ 1
              </Text>
              <Text
                accessible={true}
                allowFontScaling={true}
                ellipsizeMode="tail"
                style={
                  Object {
                    "color": "#F5F5F5",
                    "fontSize": 15,
                  }
                }
              >
                Type: Hammer
              </Text>
              <Text
                accessible={true}
                allowFontScaling={true}
                ellipsizeMode="tail"
                style={
                  Object {
                    "color": "#F5F5F5",
                    "fontSize": 15,
                  }
                }
              >
                Owner: Randy undefined
              </Text>
            </Component>,
          ],
          "onPress": [Function],
        },
        "ref": null,
        "rendered": Array [
          Object {
            "instance": null,
            "key": undefined,
            "nodeType": "class",
            "props": Object {
              "accessible": true,
              "allowFontScaling": true,
              "children": undefined,
              "ellipsizeMode": "tail",
              "style": Object {
                "color": "#F5F5F5",
                "fontSize": 25,
              },
            },
            "ref": null,
            "rendered": null,
            "type": [Function],
          },
          Object {
            "instance": null,
            "key": undefined,
            "nodeType": "class",
            "props": Object {
              "children": Array [
                <Text
                  accessible={true}
                  allowFontScaling={true}
                  ellipsizeMode="tail"
                  style={
                    Object {
                      "color": "#F5F5F5",
                      "fontSize": 15,
                    }
                  }
                >
                  Cost: $ 1
                </Text>,
                <Text
                  accessible={true}
                  allowFontScaling={true}
                  ellipsizeMode="tail"
                  style={
                    Object {
                      "color": "#F5F5F5",
                      "fontSize": 15,
                    }
                  }
                >
                  Type: Hammer
                </Text>,
                <Text
                  accessible={true}
                  allowFontScaling={true}
                  ellipsizeMode="tail"
                  style={
                    Object {
                      "color": "#F5F5F5",
                      "fontSize": 15,
                    }
                  }
                >
                  Owner: Randy undefined
                </Text>,
              ],
              "style": Object {
                "flex": 1,
                "flexDirection": "row",
                "justifyContent": "space-between",
              },
            },
            "ref": null,
            "rendered": Array [
              Object {
                "instance": null,
                "key": undefined,
                "nodeType": "class",
                "props": Object {
                  "accessible": true,
                  "allowFontScaling": true,
                  "children": "Cost: $ 1",
                  "ellipsizeMode": "tail",
                  "style": Object {
                    "color": "#F5F5F5",
                    "fontSize": 15,
                  },
                },
                "ref": null,
                "rendered": "Cost: $ 1",
                "type": [Function],
              },
              Object {
                "instance": null,
                "key": undefined,
                "nodeType": "class",
                "props": Object {
                  "accessible": true,
                  "allowFontScaling": true,
                  "children": "Type: Hammer",
                  "ellipsizeMode": "tail",
                  "style": Object {
                    "color": "#F5F5F5",
                    "fontSize": 15,
                  },
                },
                "ref": null,
                "rendered": "Type: Hammer",
                "type": [Function],
              },
              Object {
                "instance": null,
                "key": undefined,
                "nodeType": "class",
                "props": Object {
                  "accessible": true,
                  "allowFontScaling": true,
                  "children": "Owner: Randy undefined",
                  "ellipsizeMode": "tail",
                  "style": Object {
                    "color": "#F5F5F5",
                    "fontSize": 15,
                  },
                },
                "ref": null,
                "rendered": "Owner: Randy undefined",
                "type": [Function],
              },
            ],
            "type": [Function],
          },
        ],
        "type": [Function],
      },
      "type": [Function],
    },
  ],
  Symbol(enzyme.__options__): Object {
    "adapter": ReactSixteenAdapter {
      "options": Object {
        "enableComponentDidUpdateOnSetState": true,
      },
    },
  },
}
`;
