// Jest Snapshot v1, https://goo.gl/fbAQLP

exports[`should render the ToolDetail component 1`] = `
ShallowWrapper {
  "length": 1,
  Symbol(enzyme.__root__): [Circular],
  Symbol(enzyme.__unrendered__): <Component
    style={
      Object {
        "alignItems": "center",
        "flex": 1,
        "justifyContent": "space-around",
      }
    }
  >
    <Component>
      <Text
        accessible={true}
        allowFontScaling={true}
        ellipsizeMode="tail"
        style={
          Object {
            "color": "silver",
            "fontSize": 30,
          }
        }
      >
        Ray's Hammer
      </Text>
    </Component>
    <Component>
      <Text
        accessible={true}
        allowFontScaling={true}
        ellipsizeMode="tail"
        style={
          Object {
            "color": "#F5F5F5",
            "fontSize": 15,
          }
        }
      >
        Ray's Hammer
      </Text>
      <Text
        accessible={true}
        allowFontScaling={true}
        ellipsizeMode="tail"
        style={
          Object {
            "color": "#F5F5F5",
            "fontSize": 15,
          }
        }
      >
        Hammer
      </Text>
      <Text
        accessible={true}
        allowFontScaling={true}
        ellipsizeMode="tail"
        style={
          Object {
            "color": "#F5F5F5",
            "fontSize": 15,
          }
        }
      >
        $1
      </Text>
      <Text
        accessible={true}
        allowFontScaling={true}
        ellipsizeMode="tail"
        style={
          Object {
            "color": "#F5F5F5",
            "fontSize": 15,
          }
        }
      >
        Randy
      </Text>
    </Component>
  </Component>,
  Symbol(enzyme.__renderer__): Object {
    "batchedUpdates": [Function],
    "getNode": [Function],
    "render": [Function],
    "simulateEvent": [Function],
    "unmount": [Function],
  },
  Symbol(enzyme.__node__): Object {
    "instance": null,
    "key": undefined,
    "nodeType": "host",
    "props": Object {
      "children": Array [
        <Component>
          <Text
            accessible={true}
            allowFontScaling={true}
            ellipsizeMode="tail"
            style={
              Object {
                "color": "silver",
                "fontSize": 30,
              }
            }
          >
            Ray's Hammer
          </Text>
        </Component>,
        <Component>
          <Text
            accessible={true}
            allowFontScaling={true}
            ellipsizeMode="tail"
            style={
              Object {
                "color": "#F5F5F5",
                "fontSize": 15,
              }
            }
          >
            Ray's Hammer
          </Text>
          <Text
            accessible={true}
            allowFontScaling={true}
            ellipsizeMode="tail"
            style={
              Object {
                "color": "#F5F5F5",
                "fontSize": 15,
              }
            }
          >
            Hammer
          </Text>
          <Text
            accessible={true}
            allowFontScaling={true}
            ellipsizeMode="tail"
            style={
              Object {
                "color": "#F5F5F5",
                "fontSize": 15,
              }
            }
          >
            $1
          </Text>
          <Text
            accessible={true}
            allowFontScaling={true}
            ellipsizeMode="tail"
            style={
              Object {
                "color": "#F5F5F5",
                "fontSize": 15,
              }
            }
          >
            Randy
          </Text>
        </Component>,
      ],
      "style": Object {
        "alignItems": "center",
        "flex": 1,
        "justifyContent": "space-around",
      },
    },
    "ref": null,
    "rendered": Array [
      Object {
        "instance": null,
        "key": undefined,
        "nodeType": "class",
        "props": Object {
          "children": <Text
            accessible={true}
            allowFontScaling={true}
            ellipsizeMode="tail"
            style={
              Object {
                "color": "silver",
                "fontSize": 30,
              }
            }
          >
            Ray's Hammer
          </Text>,
        },
        "ref": null,
        "rendered": Object {
          "instance": null,
          "key": undefined,
          "nodeType": "class",
          "props": Object {
            "accessible": true,
            "allowFontScaling": true,
            "children": "Ray's Hammer",
            "ellipsizeMode": "tail",
            "style": Object {
              "color": "silver",
              "fontSize": 30,
            },
          },
          "ref": null,
          "rendered": "Ray's Hammer",
          "type": [Function],
        },
        "type": [Function],
      },
      Object {
        "instance": null,
        "key": undefined,
        "nodeType": "class",
        "props": Object {
          "children": Array [
            <Text
              accessible={true}
              allowFontScaling={true}
              ellipsizeMode="tail"
              style={
                Object {
                  "color": "#F5F5F5",
                  "fontSize": 15,
                }
              }
            >
              Ray's Hammer
            </Text>,
            <Text
              accessible={true}
              allowFontScaling={true}
              ellipsizeMode="tail"
              style={
                Object {
                  "color": "#F5F5F5",
                  "fontSize": 15,
                }
              }
            >
              Hammer
            </Text>,
            <Text
              accessible={true}
              allowFontScaling={true}
              ellipsizeMode="tail"
              style={
                Object {
                  "color": "#F5F5F5",
                  "fontSize": 15,
                }
              }
            >
              $1
            </Text>,
            <Text
              accessible={true}
              allowFontScaling={true}
              ellipsizeMode="tail"
              style={
                Object {
                  "color": "#F5F5F5",
                  "fontSize": 15,
                }
              }
            >
              Randy
            </Text>,
          ],
        },
        "ref": null,
        "rendered": Array [
          Object {
            "instance": null,
            "key": undefined,
            "nodeType": "class",
            "props": Object {
              "accessible": true,
              "allowFontScaling": true,
              "children": "Ray's Hammer",
              "ellipsizeMode": "tail",
              "style": Object {
                "color": "#F5F5F5",
                "fontSize": 15,
              },
            },
            "ref": null,
            "rendered": "Ray's Hammer",
            "type": [Function],
          },
          Object {
            "instance": null,
            "key": undefined,
            "nodeType": "class",
            "props": Object {
              "accessible": true,
              "allowFontScaling": true,
              "children": "Hammer",
              "ellipsizeMode": "tail",
              "style": Object {
                "color": "#F5F5F5",
                "fontSize": 15,
              },
            },
            "ref": null,
            "rendered": "Hammer",
            "type": [Function],
          },
          Object {
            "instance": null,
            "key": undefined,
            "nodeType": "class",
            "props": Object {
              "accessible": true,
              "allowFontScaling": true,
              "children": "$1",
              "ellipsizeMode": "tail",
              "style": Object {
                "color": "#F5F5F5",
                "fontSize": 15,
              },
            },
            "ref": null,
            "rendered": "$1",
            "type": [Function],
          },
          Object {
            "instance": null,
            "key": undefined,
            "nodeType": "class",
            "props": Object {
              "accessible": true,
              "allowFontScaling": true,
              "children": "Randy",
              "ellipsizeMode": "tail",
              "style": Object {
                "color": "#F5F5F5",
                "fontSize": 15,
              },
            },
            "ref": null,
            "rendered": "Randy",
            "type": [Function],
          },
        ],
        "type": [Function],
      },
    ],
    "type": "View",
  },
  Symbol(enzyme.__nodes__): Array [
    Object {
      "instance": null,
      "key": undefined,
      "nodeType": "host",
      "props": Object {
        "children": Array [
          <Component>
            <Text
              accessible={true}
              allowFontScaling={true}
              ellipsizeMode="tail"
              style={
                Object {
                  "color": "silver",
                  "fontSize": 30,
                }
              }
            >
              Ray's Hammer
            </Text>
          </Component>,
          <Component>
            <Text
              accessible={true}
              allowFontScaling={true}
              ellipsizeMode="tail"
              style={
                Object {
                  "color": "#F5F5F5",
                  "fontSize": 15,
                }
              }
            >
              Ray's Hammer
            </Text>
            <Text
              accessible={true}
              allowFontScaling={true}
              ellipsizeMode="tail"
              style={
                Object {
                  "color": "#F5F5F5",
                  "fontSize": 15,
                }
              }
            >
              Hammer
            </Text>
            <Text
              accessible={true}
              allowFontScaling={true}
              ellipsizeMode="tail"
              style={
                Object {
                  "color": "#F5F5F5",
                  "fontSize": 15,
                }
              }
            >
              $1
            </Text>
            <Text
              accessible={true}
              allowFontScaling={true}
              ellipsizeMode="tail"
              style={
                Object {
                  "color": "#F5F5F5",
                  "fontSize": 15,
                }
              }
            >
              Randy
            </Text>
          </Component>,
        ],
        "style": Object {
          "alignItems": "center",
          "flex": 1,
          "justifyContent": "space-around",
        },
      },
      "ref": null,
      "rendered": Array [
        Object {
          "instance": null,
          "key": undefined,
          "nodeType": "class",
          "props": Object {
            "children": <Text
              accessible={true}
              allowFontScaling={true}
              ellipsizeMode="tail"
              style={
                Object {
                  "color": "silver",
                  "fontSize": 30,
                }
              }
            >
              Ray's Hammer
            </Text>,
          },
          "ref": null,
          "rendered": Object {
            "instance": null,
            "key": undefined,
            "nodeType": "class",
            "props": Object {
              "accessible": true,
              "allowFontScaling": true,
              "children": "Ray's Hammer",
              "ellipsizeMode": "tail",
              "style": Object {
                "color": "silver",
                "fontSize": 30,
              },
            },
            "ref": null,
            "rendered": "Ray's Hammer",
            "type": [Function],
          },
          "type": [Function],
        },
        Object {
          "instance": null,
          "key": undefined,
          "nodeType": "class",
          "props": Object {
            "children": Array [
              <Text
                accessible={true}
                allowFontScaling={true}
                ellipsizeMode="tail"
                style={
                  Object {
                    "color": "#F5F5F5",
                    "fontSize": 15,
                  }
                }
              >
                Ray's Hammer
              </Text>,
              <Text
                accessible={true}
                allowFontScaling={true}
                ellipsizeMode="tail"
                style={
                  Object {
                    "color": "#F5F5F5",
                    "fontSize": 15,
                  }
                }
              >
                Hammer
              </Text>,
              <Text
                accessible={true}
                allowFontScaling={true}
                ellipsizeMode="tail"
                style={
                  Object {
                    "color": "#F5F5F5",
                    "fontSize": 15,
                  }
                }
              >
                $1
              </Text>,
              <Text
                accessible={true}
                allowFontScaling={true}
                ellipsizeMode="tail"
                style={
                  Object {
                    "color": "#F5F5F5",
                    "fontSize": 15,
                  }
                }
              >
                Randy
              </Text>,
            ],
          },
          "ref": null,
          "rendered": Array [
            Object {
              "instance": null,
              "key": undefined,
              "nodeType": "class",
              "props": Object {
                "accessible": true,
                "allowFontScaling": true,
                "children": "Ray's Hammer",
                "ellipsizeMode": "tail",
                "style": Object {
                  "color": "#F5F5F5",
                  "fontSize": 15,
                },
              },
              "ref": null,
              "rendered": "Ray's Hammer",
              "type": [Function],
            },
            Object {
              "instance": null,
              "key": undefined,
              "nodeType": "class",
              "props": Object {
                "accessible": true,
                "allowFontScaling": true,
                "children": "Hammer",
                "ellipsizeMode": "tail",
                "style": Object {
                  "color": "#F5F5F5",
                  "fontSize": 15,
                },
              },
              "ref": null,
              "rendered": "Hammer",
              "type": [Function],
            },
            Object {
              "instance": null,
              "key": undefined,
              "nodeType": "class",
              "props": Object {
                "accessible": true,
                "allowFontScaling": true,
                "children": "$1",
                "ellipsizeMode": "tail",
                "style": Object {
                  "color": "#F5F5F5",
                  "fontSize": 15,
                },
              },
              "ref": null,
              "rendered": "$1",
              "type": [Function],
            },
            Object {
              "instance": null,
              "key": undefined,
              "nodeType": "class",
              "props": Object {
                "accessible": true,
                "allowFontScaling": true,
                "children": "Randy",
                "ellipsizeMode": "tail",
                "style": Object {
                  "color": "#F5F5F5",
                  "fontSize": 15,
                },
              },
              "ref": null,
              "rendered": "Randy",
              "type": [Function],
            },
          ],
          "type": [Function],
        },
      ],
      "type": "View",
    },
  ],
  Symbol(enzyme.__options__): Object {
    "adapter": ReactSixteenAdapter {
      "options": Object {
        "enableComponentDidUpdateOnSetState": true,
      },
    },
  },
}
`;
